<html>
<body>
<pre>
<h1>µVision Build Log</h1>
<h2>Project:</h2>
H:\Repertory\SmartGloves\Project\SmartGlove.uvproj
Project File Date:  05/10/2016

<h2>Output:</h2>
Build target 'Target 1'
compiling main.c...
..\Driver\LED\led.h(23): warning:  #1-D: last line of file ends without a newline
  #endif
..\Driver\Usart\bsp_usart.h(58): warning:  #1-D: last line of file ends without a newline
  #endif
..\User\main.c: 2 warnings, 0 errors
linking...
Program Size: Code=1648 RO-data=368 RW-data=48 ZI-data=1024  
FromELF: creating hex file...
"..\Output\SmartGlove.axf" - 0 Error(s), 2 Warning(s).
</pre>
</body>
</html>
..
compiling stm32f10x_bkp.c...
compiling stm32f10x_can.c...
compiling stm32f10x_cec.c...
compiling stm32f10x_crc.c...
compiling stm32f10x_dac.c...
compiling stm32f10x_dbgmcu.c...
compiling stm32f10x_dma.c...
compiling stm32f10x_exti.c...
compiling stm32f10x_flash.c...
compiling stm32f10x_fsmc.c...
compiling stm32f10x_gpio.c...
compiling stm32f10x_i2c.c...
compiling stm32f10x_iwdg.c...
compiling stm32f10x_pwr.c...
compiling stm32f10x_rcc.c...
compiling stm32f10x_rtc.c...
compiling stm32f10x_sdio.c...
compiling stm32f10x_spi.c...
compiling stm32f10x_tim.c...
compiling stm32f10x_usart.c...
compiling stm32f10x_wwdg.c...
compiling stm32f10x_it.c...
compiling main.c...
..\User\main.c(24): error:  #169: expected a declaration
  <<<<<<< HEAD
..\Driver\LED\led.h(23): warning:  #1-D: last line of file ends without a newline
  #endif
..\Driver\Usart\bsp_usart.h(58): warning:  #1-D: last line of file ends without a newline
  #endif
..\User\main.c(28): error:  #169: expected a declaration
  =======
..\User\main.c(29): error:  #5: cannot open source input file "bps_usart.h": No such file or directory
  #include "bps_usart.h"
..\User\main.c: 2 warnings, 3 errors
compiling core_cm3.c...
compiling system_stm32f10x.c...
"..\Output\SmartGlove.axf" - 3 Error(s), 4 Warning(s).
Target not created
