<html>
<body>
<pre>
<h1>µVision Build Log</h1>
<h2>Project:</h2>
H:\Repertory\SmartGloves\Project\SmartGlove.uvproj
Project File Date:  05/10/2016

<h2>Output:</h2>
Build target 'Target 1'
compiling MPU6050.c...
compiling led.c...
..\Driver\LED\led.h(23): warning:  #1-D: last line of file ends without a newline
  #endif
..\Driver\LED\led.c: 1 warning, 0 errors
compiling bsp_usart.c...
..\Driver\Usart\bsp_usart.h(58): warning:  #1-D: last line of file ends without a newline
  #endif
..\Driver\Usart\bsp_usart.c: 1 warning, 0 errors
compiling main.c...
..\Driver\LED\led.h(23): warning:  #1-D: last line of file ends without a newline
  #endif
..\Driver\Usart\bsp_usart.h(58): warning:  #1-D: last line of file ends without a newline
  #endif
..\User\main.c: 2 warnings, 0 errors
linking...
Program Size: Code=1648 RO-data=368 RW-data=48 ZI-data=1024  
FromELF: creating hex file...
"..\Output\SmartGlove.axf" - 0 Error(s), 4 Warning(s).
