<html>
<body>
<pre>
<h1>µVision Build Log</h1>
<h2>Project:</h2>
H:\Repertory\SmartGloves\Project\SmartGlove.uvproj
Project File Date:  05/10/2016

<h2>Output:</h2>
Build target 'Target 1'
assembling startup_stm32f10x_cl.s...
compiling MPU6050.c...
compiling led.c...
..\Driver\LED\led.h(23): warning:  #1-D: last line of file ends without a newline
  #endif
..\Driver\LED\led.c: 1 warning, 0 errors
compiling bsp_usart.c...
..\Driver\Usart\bsp_usart.h(58): warning:  #1-D: last line of file ends without a newline
  #endif
..\Driver\Usart\bsp_usart.c: 1 warning, 0 errors
compiling misc.c...
compiling stm32f10x_adc.c...
compiling stm32f10x_bkp.c...
compiling stm32f10x_can.c...
compiling stm32f10x_cec.c...
compiling stm32f10x_crc.c...
compiling stm32f10x_dac.c...
compiling stm32f10x_dbgmcu.c...
compiling stm32f10x_dma.c...
compiling stm32f10x_exti.c...
compiling stm32f10x_flash.c...
compiling stm32f10x_fsmc.c...
compiling stm32f10x_gpio.c...
compiling stm32f10x_i2c.c...
compiling stm32f10x_iwdg.c...
compiling stm32f10x_pwr.c...
compiling stm32f10x_rcc.c...
compiling stm32f10x_rtc.c...
compiling stm32f10x_sdio.c...
compiling stm32f10x_spi.c...
compiling stm32f10x_tim.c...
compiling stm32f10x_usart.c...
compiling stm32f10x_wwdg.c...
compiling stm32f10x_it.c...
compiling main.c...
..\Driver\LED\led.h(23): warning:  #1-D: last line of file ends without a newline
  #endif
..\Driver\Usart\bsp_usart.h(58): warning:  #1-D: last line of file ends without a newline
  #endif
..\User\main.c: 2 warnings, 0 errors
compiling core_cm3.c...
compiling system_stm32f10x.c...
linking...
Program Size: Code=1648 RO-data=368 RW-data=48 ZI-data=1024  
FromELF: creating hex file...
"..\Output\SmartGlove.axf" - 0 Error(s), 4 Warning(s).
